[2026-08-30T02:47:27Z] runner phase=sweep pid=1458132
[2026-08-30T02:47:27Z] starting tsweep Q6_K_XL
=== Q6_K_XL rung 196608: ratios ['58,42', '62,38', '60,40']
   {"ok": false, "stage": "health", "failure_mode": "compute-buffer-oom", "decode_tok_s": null, "prefill_tok_s": null, "prefill_frac": null, "mtp_acceptance": null, "vram_peak_mib": [15036, 12276], "imbalance_mib": 2760, "error": "load hang / died: llocate compute buffers 3.20.089.143 E llama_init_from_model: failed to initialize the context
Terminated                 $PY experiments/tsweep_v2.py --quant "$q" --out "/srv/bench/e12/tsweep-v2-$q.json"
sweep Q6_K_XL FAILED — continuing with next quant
[2026-08-30T02:53:54Z] starting tsweep Q6_K
   {"ok": false, "stage": "health", "failure_mode": "init-hang", "decode_tok_s": null, "prefill_tok_s": null, "prefill_frac": null, "mtp_acceptance": null, "vram_peak_mib": [138, 138], "imbalance_mib": 0, "error": "load hang / died: Error response from daemon: No such container: llamasrv-e12 "}
   {"ok": false, "stage": "health", "failure_mode": "init-hang", "decode_tok_s": null, "prefill_tok_s": null, "prefill_frac": null, "mtp_acceptance": null, "vram_peak_mib": [138, 138], "imbalance_mib": 0, "error": "load hang / died: Error response from daemon: No such container: llamasrv-e12 "}
   {"ok": false, "stage": "health", "failure_mode": "init-hang", "decode_tok_s": null, "prefill_tok_s": null, "prefill_frac": null, "mtp_acceptance": null, "vram_peak_mib": [4, 4], "imbalance_mib": 0, "error": "load hang / died: Error response from daemon: No such container: llamasrv-e12 "}
   {"ok": false, "stage": "health", "failure_mode": "init-hang", "decode_tok_s": null, "prefill_tok_s": null, "prefill_frac": null, "mtp_acceptance": null, "vram_peak_mib": [138, 138], "imbalance_mib": 0, "error": "load hang / died: Error response from daemon: No such container: llamasrv-e12 "}
   {"ok": false, "stage": "health", "failure_mode": "init-hang", "decode_tok_s": null, "prefill_tok_s": null, "prefill_frac": null, "mtp_acceptance": null, "vram_peak_mib": [138, 138], "imbalance_mib": 0, "error": "load hang / died: Error response from daemon: No such container: llamasrv-e12 "}
   {"ok": false, "stage": "health", "failure_mode": "init-hang", "decode_tok_s": null, "prefill_tok_s": null, "prefill_frac": null, "mtp_acceptance": null, "vram_peak_mib": [2, 2], "imbalance_mib": 0, "error": "load hang / died: Error response from daemon: No such container: llamasrv-e12 "}
SWEEP Q6_K DONE in 1.7 min -> /srv/bench/e12/tsweep-v2-Q6_K.json
[2026-08-30T02:55:40Z] starting tsweep Q4_K_XL
=== Q4_K_XL rung 212992: full ratio sweep
   {"ok": false, "stage": "launch", "failure_mode": "unknown", "decode_tok_s": null, "prefill_tok_s": null, "prefill_frac": null, "mtp_acceptance": 0.56425, "vram_peak_mib": [], "imbalance_mib": null, "error": "launch failed: preflight FAILED: [{\"check\": \"gpu_lock_ours\", \"ok\": false, \"detail\": \"/srv/bench/orchestrator/gpu.lock held 
   {"ok": false, "stage": "launch", "failure_mode": "teardown-fail", "decode_tok_s": null, "prefill_tok_s": null, "prefill_frac": null, "mtp_acceptance": null, "vram_peak_mib": [], "imbalance_mib": null, "error": "launch failed: serverlog /srv/bench/server-timings/e12-stale-recover-1788058542.serverlog is EMPTY \u2014 refusing to remove llam
   {"ok": false, "stage": "launch", "failure_mode": "unknown", "decode_tok_s": null, "prefill_tok_s": null, "prefill_frac": null, "mtp_acceptance": 0.56425, "vram_peak_mib": [], "imbalance_mib": null, "error": "launch failed: preflight FAILED: [{\"check\": \"gpu_lock_ours\", \"ok\": false, \"detail\": \"/srv/bench/orchestrator/gpu.lock held 
   {"ok": false, "stage": "launch", "failure_mode": "unknown", "decode_tok_s": null, "prefill_tok_s": null, "prefill_frac": null, "mtp_acceptance": 0.56425, "vram_peak_mib": [], "imbalance_mib": null, "error": "launch failed: preflight FAILED: [{\"check\": \"gpu_lock_ours\", \"ok\": false, \"detail\": \"/srv/bench/orchestrator/gpu.lock held 
   {"ok": false, "stage": "launch", "failure_mode": "unknown", "decode_tok_s": null, "prefill_tok_s": null, "prefill_frac": null, "mtp_acceptance": null, "vram_peak_mib": [], "imbalance_mib": null, "error": "launch failed: preflight FAILED: [{\"check\": \"gpu_lock_ours\", \"ok\": false, \"detail\": \"/srv/bench/orchestrator/gpu.lock held by 
   {"ok": false, "stage": "launch", "failure_mode": "teardown-fail", "decode_tok_s": null, "prefill_tok_s": null, "prefill_frac": null, "mtp_acceptance": null, "vram_peak_mib": [], "imbalance_mib": null, "error": "launch failed: serverlog /srv/bench/server-timings/e12-stale-recover-1788058551.serverlog is EMPTY \u2014 refusing to remove llam
=== Q4_K_XL rung 196608: full ratio sweep
   {"ok": false, "stage": "launch", "failure_mode": "teardown-fail", "decode_tok_s": null, "prefill_tok_s": null, "prefill_frac": null, "mtp_acceptance": null, "vram_peak_mib": [], "imbalance_mib": null, "error": "launch failed: serverlog /srv/bench/server-timings/e12-stale-recover-1788058552.serverlog is EMPTY \u2014 refusing to remove llam
   {"ok": false, "stage": "launch", "failure_mode": "unknown", "decode_tok_s": null, "prefill_tok_s": null, "prefill_frac": null, "mtp_acceptance": null, "vram_peak_mib": [], "imbalance_mib": null, "error": "launch failed: preflight FAILED: [{\"check\": \"gpu_lock_ours\", \"ok\": false, \"detail\": \"/srv/bench/orchestrator/gpu.lock held by 
