[2026-08-29T23:30:54Z] runner phase=sweep pid=745590
[2026-08-29T23:30:54Z] starting tsweep Q4_K_XL
=== Q4_K_XL rung 212992: full ratio sweep
   {"ok": true, "stage": "done", "failure_mode": null, "decode_tok_s": 14.182506583541832, "prefill_tok_s": 688.3656198277347, "mtp_acceptance": 0.5642, "vram_peak_mib": [11298, 14796], "imbalance_mib": 3498, "error": ""}
   {"ok": false, "stage": "health", "failure_mode": "init-hang", "decode_tok_s": null, "prefill_tok_s": null, "mtp_acceptance": null, "vram_peak_mib": [4, 4], "imbalance_mib": 0, "error": "load hang / died: error: invalid argument: 212992 "}
   {"ok": false, "stage": "health", "failure_mode": "init-hang", "decode_tok_s": null, "prefill_tok_s": null, "mtp_acceptance": null, "vram_peak_mib": [2, 2], "imbalance_mib": 0, "error": "load hang / died: error: invalid argument: 212992 "}
   {"ok": false, "stage": "health", "failure_mode": "init-hang", "decode_tok_s": null, "prefill_tok_s": null, "mtp_acceptance": null, "vram_peak_mib": [2, 2], "imbalance_mib": 0, "error": "load hang / died: error: invalid argument: 212992 "}
   {"ok": false, "stage": "health", "failure_mode": "init-hang", "decode_tok_s": null, "prefill_tok_s": null, "mtp_acceptance": null, "vram_peak_mib": [2, 2], "imbalance_mib": 0, "error": "load hang / died: error: invalid argument: 212992 "}
   {"ok": false, "stage": "health", "failure_mode": "init-hang", "decode_tok_s": null, "prefill_tok_s": null, "mtp_acceptance": null, "vram_peak_mib": [4, 4], "imbalance_mib": 0, "error": "load hang / died: error: invalid argument: 212992 "}
=== climb: 212992 -> 229376 with winner None
   {"ok": true, "stage": "done", "failure_mode": null, "decode_tok_s": 16.187800178811628, "prefill_tok_s": 658.6206308617296, "mtp_acceptance": 0.7616, "vram_peak_mib": [11572, 15198], "imbalance_mib": 3626, "error": ""}
=== climb: 229376 -> 245760 with winner None
   {"ok": true, "stage": "done", "failure_mode": null, "decode_tok_s": 11.975954039925071, "prefill_tok_s": 582.581211201327, "mtp_acceptance": 0.5642, "vram_peak_mib": [11844, 15598], "imbalance_mib": 3754, "error": ""}
=== climb: 245760 -> 262144 with winner None
   {"ok": true, "stage": "done", "failure_mode": null, "decode_tok_s": 11.833900854587318, "prefill_tok_s": 545.4466929944195, "mtp_acceptance": 0.6176, "vram_peak_mib": [12116, 15094], "imbalance_mib": 2978, "error": ""}
SWEEP Q4_K_XL DONE in 39.8 min -> /srv/bench/e12/tsweep-v2-Q4_K_XL.json
[2026-08-30T00:10:46Z] starting tsweep Q5_K_XL
   {"ok": false, "stage": "health", "failure_mode": "init-hang", "decode_tok_s": null, "prefill_tok_s": null, "mtp_acceptance": null, "vram_peak_mib": [138, 138], "imbalance_mib": 0, "error": "load hang / died: Error response from daemon: No such container: llamasrv-e12 "}
   {"ok": true, "stage": "done", "failure_mode": null, "decode_tok_s": 10.823706137851742, "prefill_tok_s": 522.2541609401716, "mtp_acceptance": 0.516, "vram_peak_mib": [14660, 15402], "imbalance_mib": 742, "error": ""}
   {"ok": true, "stage": "done", "failure_mode": null, "decode_tok_s": 10.77693034994047, "prefill_tok_s": 521.1180236790291, "mtp_acceptance": 0.516, "vram_peak_mib": [14946, 15112], "imbalance_mib": 166, "error": ""}
   {"ok": true, "stage": "done", "failure_mode": null, "decode_tok_s": 8.50272792886591, "prefill_tok_s": 530.7556930233725, "mtp_acceptance": 0.516, "vram_peak_mib": [15498, 15470], "imbalance_mib": 28, "error": ""}
   {"ok": true, "stage": "done", "failure_mode": null, "decode_tok_s": 10.667038393407747, "prefill_tok_s": 499.1787338619306, "mtp_acceptance": 0.516, "vram_peak_mib": [15260, 14084], "imbalance_mib": 1176, "error": ""}
   {"ok": true, "stage": "done", "failure_mode": null, "decode_tok_s": 10.440129628147725, "prefill_tok_s": 470.48545281648273, "mtp_acceptance": 0.516, "vram_peak_mib": [15546, 13796], "imbalance_mib": 1750, "error": ""}
   {"ok": true, "stage": "done", "failure_mode": null, "decode_tok_s": 12.70430230865109, "prefill_tok_s": 524.337436190117, "mtp_acceptance": 0.6937, "vram_peak_mib": [14660, 15402], "imbalance_mib": 742, "error": ""}
   {"ok": true, "stage": "done", "failure_mode": null, "decode_tok_s": 12.940403075263077, "prefill_tok_s": 524.1613036864051, "mtp_acceptance": 0.7338, "vram_peak_mib": [14660, 15402], "imbalance_mib": 742, "error": ""}
   {"ok": true, "stage": "done", "failure_mode": null, "decode_tok_s": 12.51396847161334, "prefill_tok_s": 497.7381017557557, "mtp_acceptance": 0.6937, "vram_peak_mib": [14946, 15112], "imbalance_mib": 166, "error": ""}
   {"ok": true, "stage": "done", "failure_mode": null, "decode_tok_s": 12.913860493796278, "prefill_tok_s": 520.5998740364571, "mtp_acceptance": 0.7338, "vram_peak_mib": [14946, 15112], "imbalance_mib": 166, "error": ""}
SWEEP Q5_K_XL DONE in 111.1 min -> /srv/bench/e12/tsweep-v2-Q5_K_XL.json
