[2026-08-30T02:57:00Z] runner phase=sweep pid=1498430
[2026-08-30T02:57:00Z] starting tsweep Q6_K_XL
=== Q6_K_XL rung 196608: ratios [None, '52,48', '54,46', '56,44', '58,42']
   {"ok": false, "stage": "health", "failure_mode": "compute-buffer-oom", "decode_tok_s": null, "prefill_tok_s": null, "prefill_frac": null, "mtp_acceptance": null, "vram_peak_mib": [13810, 15616], "imbalance_mib": 1806, "error": "load hang / died: .705.015 E ggml_backend_cuda_buffer_type_alloc_buffer: allocating 768.00 MiB on device 1: cuda
   {"ok": false, "stage": "health", "failure_mode": "compute-buffer-oom", "decode_tok_s": null, "prefill_tok_s": null, "prefill_frac": null, "mtp_acceptance": null, "vram_peak_mib": [15090, 15538], "imbalance_mib": 448, "error": "load hang / died: .443.969 E ggml_backend_cuda_buffer_type_alloc_buffer: allocating 768.00 MiB on device 1: cudaM
   {"ok": false, "stage": "health", "failure_mode": "compute-buffer-oom", "decode_tok_s": null, "prefill_tok_s": null, "prefill_frac": null, "mtp_acceptance": null, "vram_peak_mib": [15644, 14986], "imbalance_mib": 658, "error": "load hang / died: MiB on device 1: cudaMalloc failed: out of memory 4.59.018.530 E ggml_gallocr_reserve_n_impl: f
   {"ok": true, "stage": "done", "failure_mode": null, "decode_tok_s": 17.259924614794176, "prefill_tok_s": 591.9500895930515, "prefill_frac": 0.9474, "mtp_acceptance": 0.8971, "vram_peak_mib": [15416, 15840], "imbalance_mib": 424, "error": ""}
   {"ok": false, "stage": "health", "failure_mode": "compute-buffer-oom", "decode_tok_s": null, "prefill_tok_s": null, "prefill_frac": null, "mtp_acceptance": null, "vram_peak_mib": [12810, 10594], "imbalance_mib": 2216, "error": "load hang / died: llocate compute buffers 3.44.492.788 E llama_init_from_model: failed to initialize the context
=== g21 bracket above: 212992 with 56,44 (2 attempts)
   {"ok": true, "stage": "done", "failure_mode": null, "decode_tok_s": 12.981649792334382, "prefill_tok_s": 559.3084514529419, "prefill_frac": 0.9469, "mtp_acceptance": 0.5886, "vram_peak_mib": [15656, 15414], "imbalance_mib": 242, "error": ""}
=== g21 bracket above: 229376 with 56,44 (2 attempts)
   {"ok": false, "stage": "health", "failure_mode": "compute-buffer-oom", "decode_tok_s": null, "prefill_tok_s": null, "prefill_frac": null, "mtp_acceptance": null, "vram_peak_mib": [12120, 11284], "imbalance_mib": 836, "error": "load hang / died: llocate compute buffers 3.10.834.187 E llama_init_from_model: failed to initialize the context:
   {"ok": false, "stage": "health", "failure_mode": "compute-buffer-oom", "decode_tok_s": null, "prefill_tok_s": null, "prefill_frac": null, "mtp_acceptance": null, "vram_peak_mib": [12120, 11284], "imbalance_mib": 836, "error": "load hang / died: llocate compute buffers 4.15.254.399 E llama_init_from_model: failed to initialize the context:
SWEEP Q6_K_XL DONE in 48.3 min, 2 ok cells -> /srv/bench/e12/tsweep-v2-Q6_K_XL.json
[2026-08-30T03:45:23Z] starting tsweep Q6_K
   {"ok": false, "stage": "health", "failure_mode": "compute-buffer-oom", "decode_tok_s": null, "prefill_tok_s": null, "prefill_frac": null, "mtp_acceptance": null, "vram_peak_mib": [14024, 15624], "imbalance_mib": 1600, "error": "load hang / died: 32.981 E ggml_backend_cuda_buffer_type_alloc_buffer: allocating 1024.00 MiB on device 1: cudaM
   {"ok": false, "stage": "health", "failure_mode": "compute-buffer-oom", "decode_tok_s": null, "prefill_tok_s": null, "prefill_frac": null, "mtp_acceptance": null, "vram_peak_mib": [15188, 15848], "imbalance_mib": 660, "error": "load hang / died: c4aa12d5d] /app/libllama.so.0(llama_decode+0xf)[0x7e8c4aa1428f] /app/libllama-common.so.0(_Z25c
   {"ok": true, "stage": "done", "failure_mode": null, "decode_tok_s": 10.219966861623682, "prefill_tok_s": 490.3175792694275, "prefill_frac": 0.948, "mtp_acceptance": 0.592, "vram_peak_mib": [15528, 15586], "imbalance_mib": 58, "error": ""}
   {"ok": true, "stage": "done", "failure_mode": null, "decode_tok_s": 10.749014396982263, "prefill_tok_s": 468.65476961321923, "prefill_frac": 0.948, "mtp_acceptance": 0.592, "vram_peak_mib": [15322, 15082], "imbalance_mib": 240, "error": ""}
   {"ok": false, "stage": "health", "failure_mode": "compute-buffer-oom", "decode_tok_s": null, "prefill_tok_s": null, "prefill_frac": null, "mtp_acceptance": null, "vram_peak_mib": [11330, 8914], "imbalance_mib": 2416, "error": "load hang / died: d to allocate compute buffers 4.32.765.326 E llama_init_from_model: failed to initialize the co
   {"ok": false, "stage": "health", "failure_mode": "compute-buffer-oom", "decode_tok_s": null, "prefill_tok_s": null, "prefill_frac": null, "mtp_acceptance": null, "vram_peak_mib": [11626, 8616], "imbalance_mib": 3010, "error": "load hang / died: d to allocate compute buffers 4.25.257.956 E llama_init_from_model: failed to initialize the co
   {"ok": true, "stage": "done", "failure_mode": null, "decode_tok_s": 14.157918160413512, "prefill_tok_s": 494.64208136706793, "prefill_frac": 0.948, "mtp_acceptance": 0.9111, "vram_peak_mib": [15322, 15082], "imbalance_mib": 240, "error": ""}
   {"ok": true, "stage": "done", "failure_mode": null, "decode_tok_s": 11.902286341964402, "prefill_tok_s": 501.9354959265168, "prefill_frac": 0.948, "mtp_acceptance": 0.6105, "vram_peak_mib": [15322, 15082], "imbalance_mib": 240, "error": ""}
   {"ok": true, "stage": "done", "failure_mode": null, "decode_tok_s": 14.992202484843746, "prefill_tok_s": 506.14894533620304, "prefill_frac": 0.948, "mtp_acceptance": 0.9111, "vram_peak_mib": [15528, 15586], "imbalance_mib": 58, "error": ""}
   {"ok": true, "stage": "done", "failure_mode": null, "decode_tok_s": 11.714199535627051, "prefill_tok_s": 507.553336447876, "prefill_frac": 0.948, "mtp_acceptance": 0.6105, "vram_peak_mib": [15528, 15586], "imbalance_mib": 58, "error": ""}
   {"ok": true, "stage": "done", "failure_mode": null, "decode_tok_s": 11.481635304670002, "prefill_tok_s": 504.3399235580491, "prefill_frac": 0.948, "mtp_acceptance": 0.592, "vram_peak_mib": [15322, 15082], "imbalance_mib": 240, "error": ""}
D3: {"ctxcp4": {"key": "262144:58,42:1:base", "vram_peak_mib": [15322, 15082], "imbalance_mib": 240, "decode_tok_s": 10.749014396982263, "prefill_tok_s": 468.65476961321923, "n_ctx_reported": 262144}, "ctxcp32": {"key": "262144:58,42:1:ctxcp32", "vram_peak_mib": [15322, 15082], "imbalance_mib": 240, "decode_tok_s": 11.481635304670002, "prefill_tok_s": 504.3399235580491, "n_ctx_reported": 262144}, "del
SWEEP Q6_K DONE in 118.1 min, 7 ok cells -> /srv/bench/e12/tsweep-v2-Q6_K.json
[2026-08-30T05:43:33Z] starting tsweep Q4_K_XL
=== Q4_K_XL rung 212992: full ratio sweep
   {"ok": true, "stage": "done", "failure_mode": null, "decode_tok_s": 15.699197458669806, "prefill_tok_s": 628.5936776165601, "prefill_frac": 0.9469, "mtp_acceptance": 0.7905, "vram_peak_mib": [11298, 14796], "imbalance_mib": 3498, "error": ""}
   {"ok": true, "stage": "done", "failure_mode": null, "decode_tok_s": 15.854087939222564, "prefill_tok_s": 628.9862057709884, "prefill_frac": 0.9469, "mtp_acceptance": 0.7905, "vram_peak_mib": [12216, 13878], "imbalance_mib": 1662, "error": ""}
   {"ok": true, "stage": "done", "failure_mode": null, "decode_tok_s": 15.958839229233185, "prefill_tok_s": 630.1644608879479, "prefill_frac": 0.9469, "mtp_acceptance": 0.7905, "vram_peak_mib": [12460, 13632], "imbalance_mib": 1172, "error": ""}
   {"ok": true, "stage": "done", "failure_mode": null, "decode_tok_s": 15.879983903848776, "prefill_tok_s": 625.773567549407, "prefill_frac": 0.9469, "mtp_acceptance": 0.7905, "vram_peak_mib": [12948, 13148], "imbalance_mib": 200, "error": ""}
   {"ok": true, "stage": "done", "failure_mode": null, "decode_tok_s": 15.60343550070771, "prefill_tok_s": 615.5678542488963, "prefill_frac": 0.9469, "mtp_acceptance": 0.7905, "vram_peak_mib": [13420, 12672], "imbalance_mib": 748, "error": ""}
