[2026-08-30T02:54:57Z] runner phase=sweep pid=1486749
[2026-08-30T02:54:57Z] starting tsweep Q6_K_XL
=== Q6_K_XL rung 196608: ratios [None, '52,48', '54,46', '56,44', '58,42']
   {"ok": false, "stage": "launch", "failure_mode": "unknown", "decode_tok_s": null, "prefill_tok_s": null, "prefill_frac": null, "mtp_acceptance": null, "vram_peak_mib": [], "imbalance_mib": null, "error": "launch failed: preflight FAILED: [{\"check\": \"gpu_lock_ours\", \"ok\": false, \"detail\": \"/srv/bench/orchestrator/gpu.lock held by 
   {"ok": false, "stage": "launch", "failure_mode": "unknown", "decode_tok_s": null, "prefill_tok_s": null, "prefill_frac": null, "mtp_acceptance": null, "vram_peak_mib": [], "imbalance_mib": null, "error": "launch failed: preflight FAILED: [{\"check\": \"gpu_lock_ours\", \"ok\": false, \"detail\": \"/srv/bench/orchestrator/gpu.lock held by 
   {"ok": false, "stage": "launch", "failure_mode": "teardown-fail", "decode_tok_s": null, "prefill_tok_s": null, "prefill_frac": null, "mtp_acceptance": null, "vram_peak_mib": [], "imbalance_mib": null, "error": "launch failed: serverlog /srv/bench/server-timings/e12-stale-recover-1788058504.serverlog is EMPTY \u2014 refusing to remove llam
   {"ok": false, "stage": "launch", "failure_mode": "teardown-fail", "decode_tok_s": null, "prefill_tok_s": null, "prefill_frac": null, "mtp_acceptance": null, "vram_peak_mib": [], "imbalance_mib": null, "error": "launch failed: serverlog /srv/bench/server-timings/e12-stale-recover-1788058506.serverlog is EMPTY \u2014 refusing to remove llam
   {"ok": false, "stage": "launch", "failure_mode": "teardown-fail", "decode_tok_s": null, "prefill_tok_s": null, "prefill_frac": null, "mtp_acceptance": null, "vram_peak_mib": [], "imbalance_mib": null, "error": "launch failed: serverlog /srv/bench/server-timings/e12-stale-recover-1788058506.serverlog is EMPTY \u2014 refusing to remove llam
=== Q6_K_XL rung 180224: ratios [None, '52,48', '54,46', '56,44', '58,42']
   {"ok": false, "stage": "launch", "failure_mode": "unknown", "decode_tok_s": null, "prefill_tok_s": null, "prefill_frac": null, "mtp_acceptance": null, "vram_peak_mib": [], "imbalance_mib": null, "error": "launch failed: preflight FAILED: [{\"check\": \"gpu_lock_ours\", \"ok\": false, \"detail\": \"/srv/bench/orchestrator/gpu.lock held by 
   {"ok": false, "stage": "launch", "failure_mode": "unknown", "decode_tok_s": null, "prefill_tok_s": null, "prefill_frac": null, "mtp_acceptance": null, "vram_peak_mib": [], "imbalance_mib": null, "error": "launch failed: preflight FAILED: [{\"check\": \"gpu_lock_ours\", \"ok\": false, \"detail\": \"/srv/bench/orchestrator/gpu.lock held by 
   {"ok": false, "stage": "launch", "failure_mode": "unknown", "decode_tok_s": null, "prefill_tok_s": null, "prefill_frac": null, "mtp_acceptance": null, "vram_peak_mib": [], "imbalance_mib": null, "error": "launch failed: preflight FAILED: [{\"check\": \"gpu_lock_ours\", \"ok\": false, \"detail\": \"/srv/bench/orchestrator/gpu.lock held by 
   {"ok": false, "stage": "launch", "failure_mode": "unknown", "decode_tok_s": null, "prefill_tok_s": null, "prefill_frac": null, "mtp_acceptance": null, "vram_peak_mib": [], "imbalance_mib": null, "error": "launch failed: preflight FAILED: [{\"check\": \"gpu_lock_ours\", \"ok\": false, \"detail\": \"/srv/bench/orchestrator/gpu.lock held by 
   {"ok": false, "stage": "launch", "failure_mode": "unknown", "decode_tok_s": null, "prefill_tok_s": null, "prefill_frac": null, "mtp_acceptance": null, "vram_peak_mib": [], "imbalance_mib": null, "error": "launch failed: preflight FAILED: [{\"check\": \"gpu_lock_ours\", \"ok\": false, \"detail\": \"/srv/bench/orchestrator/gpu.lock held by 
=== Q6_K_XL rung 163840: ratios [None, '52,48', '54,46', '56,44', '58,42']
   {"ok": false, "stage": "launch", "failure_mode": "unknown", "decode_tok_s": null, "prefill_tok_s": null, "prefill_frac": null, "mtp_acceptance": null, "vram_peak_mib": [], "imbalance_mib": null, "error": "launch failed: preflight FAILED: [{\"check\": \"gpu_lock_ours\", \"ok\": false, \"detail\": \"/srv/bench/orchestrator/gpu.lock held by 
   {"ok": false, "stage": "launch", "failure_mode": "unknown", "decode_tok_s": null, "prefill_tok_s": null, "prefill_frac": null, "mtp_acceptance": null, "vram_peak_mib": [], "imbalance_mib": null, "error": "launch failed: preflight FAILED: [{\"check\": \"gpu_lock_ours\", \"ok\": false, \"detail\": \"/srv/bench/orchestrator/gpu.lock held by 
   {"ok": false, "stage": "launch", "failure_mode": "teardown-fail", "decode_tok_s": null, "prefill_tok_s": null, "prefill_frac": null, "mtp_acceptance": null, "vram_peak_mib": [], "imbalance_mib": null, "error": "launch failed: serverlog /srv/bench/server-timings/e12-stale-recover-1788058531.serverlog is EMPTY \u2014 refusing to remove llam
   {"ok": false, "stage": "launch", "failure_mode": "teardown-fail", "decode_tok_s": null, "prefill_tok_s": null, "prefill_frac": null, "mtp_acceptance": null, "vram_peak_mib": [], "imbalance_mib": null, "error": "launch failed: serverlog /srv/bench/server-timings/e12-stale-recover-1788058532.serverlog is EMPTY \u2014 refusing to remove llam
   {"ok": false, "stage": "launch", "failure_mode": "unknown", "decode_tok_s": null, "prefill_tok_s": null, "prefill_frac": null, "mtp_acceptance": null, "vram_peak_mib": [], "imbalance_mib": null, "error": "launch failed: serverlog /srv/bench/server-timings/e12-stale-recover-1788058532.serverlog is EMPTY \u2014 refusing to remove llamasrv-e
=== Q6_K_XL rung 147456: ratios [None, '52,48', '54,46', '56,44', '58,42']
   {"ok": false, "stage": "launch", "failure_mode": "unknown", "decode_tok_s": null, "prefill_tok_s": null, "prefill_frac": null, "mtp_acceptance": null, "vram_peak_mib": [], "imbalance_mib": null, "error": "launch failed: preflight FAILED: [{\"check\": \"gpu_lock_ours\", \"ok\": false, \"detail\": \"/srv/bench/orchestrator/gpu.lock held by 
   {"ok": false, "stage": "launch", "failure_mode": "unknown", "decode_tok_s": null, "prefill_tok_s": null, "prefill_frac": null, "mtp_acceptance": null, "vram_peak_mib": [], "imbalance_mib": null, "error": "launch failed: preflight FAILED: [{\"check\": \"gpu_lock_ours\", \"ok\": false, \"detail\": \"/srv/bench/orchestrator/gpu.lock held by 
   {"ok": false, "stage": "health", "failure_mode": "init-hang", "decode_tok_s": null, "prefill_tok_s": null, "prefill_frac": null, "mtp_acceptance": null, "vram_peak_mib": [2, 2], "imbalance_mib": 0, "error": "load hang / died: Error response from daemon: No such container: llamasrv-e12 "}
